// Jest Snapshot v1, https://goo.gl/fbAQLP

exports[`<Home /> should render without crashing 1`] = `
<DocumentFragment>
  <h1>
    Home
  </h1>
</DocumentFragment>
`;
